Parsed module with 7 declarations
âœ“ Module 'tests/final_demo.coc' type checks successfully!