Parsed module with 1 declarations
âœ“ Module 'tests/nat.coc' type checks successfully!