Parsed module with 1 declarations
âœ“ Module 'tests/target_compose.coc' type checks successfully!