Parsed module with 3 declarations
âœ“ Module 'tests/working_square.coc' type checks successfully!